Copyright 1986-2018 Xilinx, Inc. All Rights Reserved.
------------------------------------------------------------------------------------
| Tool Version : Vivado v.2018.2 (lin64) Build 2258646 Thu Jun 14 20:02:38 MDT 2018
| Date         : Tue Oct 16 12:51:56 2018
| Host         : badass running 64-bit Ubuntu 18.04.1 LTS
| Command      : report_control_sets -verbose -file led_top_control_sets_placed.rpt
| Design       : led_top
| Device       : xc7a35t
------------------------------------------------------------------------------------

Control Set Information

Table of Contents
-----------------
1. Summary
2. Histogram
3. Flip-Flop Distribution
4. Detailed Control Set Information

1. Summary
----------

+----------------------------------------------------------+-------+
|                          Status                          | Count |
+----------------------------------------------------------+-------+
| Number of unique control sets                            |   161 |
| Unused register locations in slices containing registers |   234 |
+----------------------------------------------------------+-------+


2. Histogram
------------

+--------+--------------+
| Fanout | Control Sets |
+--------+--------------+
|      2 |           11 |
|      4 |            6 |
|      6 |           11 |
|      8 |           35 |
|     12 |            3 |
|     14 |            4 |
|    16+ |           91 |
+--------+--------------+


3. Flip-Flop Distribution
-------------------------

+--------------+-----------------------+------------------------+-----------------+--------------+
| Clock Enable | Synchronous Set/Reset | Asynchronous Set/Reset | Total Registers | Total Slices |
+--------------+-----------------------+------------------------+-----------------+--------------+
| No           | No                    | No                     |            3018 |          395 |
| No           | No                    | Yes                    |             270 |           50 |
| No           | Yes                   | No                     |             806 |          157 |
| Yes          | No                    | No                     |            1750 |          299 |
| Yes          | No                    | Yes                    |             164 |           18 |
| Yes          | Yes                   | No                     |             622 |           83 |
+--------------+-----------------------+------------------------+-----------------+--------------+


4. Detailed Control Set Information
-----------------------------------

+-----------------------------------------+-----------------------------------------------------------------------------------------------------------------------------------------------------------------------------------------------------------------------------------------+-----------------------------------------------------------------------------------------------------------------------------------------------------------------------------------------------------------------------------------------+------------------+----------------+
|               Clock Signal              |                                                                                                              Enable Signal                                                                                                              |                                                                                                             Set/Reset Signal                                                                                                            | Slice Load Count | Bel Load Count |
+-----------------------------------------+-----------------------------------------------------------------------------------------------------------------------------------------------------------------------------------------------------------------------------------------+-----------------------------------------------------------------------------------------------------------------------------------------------------------------------------------------------------------------------------------------+------------------+----------------+
|  CLK100MHZ_IBUF_BUFG                    |                                                                                                                                                                                                                                         | dbg_hub/inst/BSCANID.u_xsdbm_id/CORE_XSDB.UUT_MASTER/U_XSDB_BUS_CONTROLLER/clr_abort_rd                                                                                                                                                 |                1 |              2 |
|  CLK100MHZ_IBUF_BUFG                    | ila_core/U0/ila_core_inst/u_ila_cap_ctrl/u_cap_addrgen/u_cap_sample_counter/U_SCMPCE/scnt_cmp_ce                                                                                                                                        | ila_core/U0/ila_core_inst/u_ila_cap_ctrl/u_cap_addrgen/U_CMPRESET/cmp_reset                                                                                                                                                             |                1 |              2 |
|  CLK100MHZ_IBUF_BUFG                    | ila_core/U0/ila_core_inst/u_ila_cap_ctrl/u_cap_addrgen/u_cap_window_counter/U_WLCMPCE/wcnt_lcmp_ce                                                                                                                                      | ila_core/U0/ila_core_inst/u_ila_cap_ctrl/u_cap_addrgen/U_CMPRESET/cmp_reset                                                                                                                                                             |                1 |              2 |
|  CLK100MHZ_IBUF_BUFG                    |                                                                                                                                                                                                                                         | dbg_hub/inst/BSCANID.u_xsdbm_id/CORE_XSDB.UUT_MASTER/U_ICON_INTERFACE/U_CMD6_WR/U_WR_FIFO/SUBCORE_FIFO.xsdbm_v3_0_0_wrfifo_inst/inst_fifo_gen/gconvfifo.rf/grf.rf/rstblk/rst_rd_reg2                                                    |                1 |              2 |
|  dbg_hub/inst/BSCANID.u_xsdbm_id/itck_i | dbg_hub/inst/BSCANID.u_xsdbm_id/SWITCH_N_EXT_BSCAN.bscan_switch/temp_curid[24]_i_1_n_0                                                                                                                                                  |                                                                                                                                                                                                                                         |                1 |              2 |
|  dbg_hub/inst/BSCANID.u_xsdbm_id/itck_i |                                                                                                                                                                                                                                         | dbg_hub/inst/BSCANID.u_xsdbm_id/CORE_XSDB.UUT_MASTER/U_ICON_INTERFACE/U_CMD6_WR/U_WR_FIFO/SUBCORE_FIFO.xsdbm_v3_0_0_wrfifo_inst/inst_fifo_gen/gconvfifo.rf/grf.rf/rstblk/rst_wr_reg2                                                    |                1 |              2 |
|  CLK100MHZ_IBUF_BUFG                    | ila_core/U0/ila_core_inst/u_ila_cap_ctrl/u_cap_addrgen/u_cap_window_counter/U_WHCMPCE/wcnt_hcmp_ce                                                                                                                                      | ila_core/U0/ila_core_inst/u_ila_cap_ctrl/u_cap_addrgen/U_CMPRESET/cmp_reset                                                                                                                                                             |                1 |              2 |
|  dbg_hub/inst/BSCANID.u_xsdbm_id/itck_i |                                                                                                                                                                                                                                         | dbg_hub/inst/BSCANID.u_xsdbm_id/CORE_XSDB.UUT_MASTER/U_ICON_INTERFACE/U_CMD6_RD/U_RD_FIFO/SUBCORE_FIFO.xsdbm_v3_0_0_rdfifo_inst/inst_fifo_gen/gconvfifo.rf/grf.rf/rstblk/rst_rd_reg2                                                    |                1 |              2 |
|  CLK100MHZ_IBUF_BUFG                    |                                                                                                                                                                                                                                         | dbg_hub/inst/BSCANID.u_xsdbm_id/CORE_XSDB.UUT_MASTER/U_ICON_INTERFACE/U_CMD6_RD/U_RD_FIFO/SUBCORE_FIFO.xsdbm_v3_0_0_rdfifo_inst/inst_fifo_gen/gconvfifo.rf/grf.rf/rstblk/rst_wr_reg2                                                    |                1 |              2 |
|  CLK100MHZ_IBUF_BUFG                    |                                                                                                                                                                                                                                         | dbg_hub/inst/BSCANID.u_xsdbm_id/CORE_XSDB.UUT_MASTER/U_XSDB_BUS_CONTROLLER/clr_rd_req                                                                                                                                                   |                1 |              2 |
|  dbg_hub/inst/BSCANID.u_xsdbm_id/itck_i |                                                                                                                                                                                                                                         | dbg_hub/inst/BSCANID.u_xsdbm_id/SWITCH_N_EXT_BSCAN.bscan_inst/s_bscan_reset                                                                                                                                                             |                1 |              2 |
|  dbg_hub/inst/BSCANID.u_xsdbm_id/itck_i |                                                                                                                                                                                                                                         | dbg_hub/inst/BSCANID.u_xsdbm_id/CORE_XSDB.UUT_MASTER/U_ICON_INTERFACE/rddata_rst                                                                                                                                                        |                1 |              4 |
|  dbg_hub/inst/BSCANID.u_xsdbm_id/itck_i |                                                                                                                                                                                                                                         | dbg_hub/inst/BSCANID.u_xsdbm_id/CORE_XSDB.UUT_MASTER/U_ICON_INTERFACE/wrdata_rst                                                                                                                                                        |                1 |              4 |
|  CLK100MHZ_IBUF_BUFG                    |                                                                                                                                                                                                                                         | dbg_hub/inst/BSCANID.u_xsdbm_id/CORE_XSDB.UUT_MASTER/U_ICON_INTERFACE/rddata_rst                                                                                                                                                        |                1 |              4 |
|  CLK100MHZ_IBUF_BUFG                    |                                                                                                                                                                                                                                         | dbg_hub/inst/BSCANID.u_xsdbm_id/CORE_XSDB.UUT_MASTER/U_ICON_INTERFACE/U_CMD6_WR/U_WR_FIFO/SUBCORE_FIFO.xsdbm_v3_0_0_wrfifo_inst/inst_fifo_gen/gconvfifo.rf/grf.rf/rstblk/rd_rst_reg[2]                                                  |                1 |              4 |
|  dbg_hub/inst/BSCANID.u_xsdbm_id/itck_i | dbg_hub/inst/BSCANID.u_xsdbm_id/SWITCH_N_EXT_BSCAN.bscan_switch/id_state[1]_i_1_n_0                                                                                                                                                     | dbg_hub/inst/BSCANID.u_xsdbm_id/SWITCH_N_EXT_BSCAN.bscan_inst/s_bscan_reset                                                                                                                                                             |                1 |              4 |
|  CLK100MHZ_IBUF_BUFG                    |                                                                                                                                                                                                                                         | dbg_hub/inst/BSCANID.u_xsdbm_id/CORE_XSDB.UUT_MASTER/U_ICON_INTERFACE/wrdata_rst                                                                                                                                                        |                1 |              4 |
|  CLK100MHZ_IBUF_BUFG                    |                                                                                                                                                                                                                                         | dbg_hub/inst/BSCANID.u_xsdbm_id/CORE_XSDB.UUT_MASTER/U_ICON_INTERFACE/U_CMD6_WR/U_WR_FIFO/SUBCORE_FIFO.xsdbm_v3_0_0_wrfifo_inst/inst_fifo_gen/gconvfifo.rf/grf.rf/rstblk/ngwrdrst.grst.g7serrst.gwrrd_rst_sync_stage[2].rrst_inst/AS[0] |                2 |              6 |
|  CLK100MHZ_IBUF_BUFG                    | dbg_hub/inst/BSCANID.u_xsdbm_id/CORE_XSDB.UUT_MASTER/U_ICON_INTERFACE/U_CMD7_CTL/ctl_reg[2]_i_1__0_n_0                                                                                                                                  | dbg_hub/inst/BSCANID.u_xsdbm_id/CORE_XSDB.UUT_MASTER/U_ICON_INTERFACE/U_CMD1/ctl_reg[0]                                                                                                                                                 |                1 |              6 |
|  CLK100MHZ_IBUF_BUFG                    |                                                                                                                                                                                                                                         | dbg_hub/inst/BSCANID.u_xsdbm_id/CORE_XSDB.UUT_MASTER/U_ICON_INTERFACE/U_CMD6_RD/U_RD_FIFO/SUBCORE_FIFO.xsdbm_v3_0_0_rdfifo_inst/inst_fifo_gen/gconvfifo.rf/grf.rf/rstblk/ngwrdrst.grst.g7serrst.gwrrd_rst_sync_stage[2].wrst_inst/AS[0] |                1 |              6 |
|  CLK100MHZ_IBUF_BUFG                    |                                                                                                                                                                                                                                         | dbg_hub/inst/BSCANID.u_xsdbm_id/CORE_XSDB.UUT_MASTER/U_XSDB_BUS_CONTROLLER/sl_iport1_o[0]                                                                                                                                               |                1 |              6 |
|  CLK100MHZ_IBUF_BUFG                    | dbg_hub/inst/BSCANID.u_xsdbm_id/CORE_XSDB.UUT_MASTER/U_ICON_INTERFACE/U_CMD1/ctl_reg[2]_i_1_n_0                                                                                                                                         |                                                                                                                                                                                                                                         |                1 |              6 |
|  CLK100MHZ_IBUF_BUFG                    | dbg_hub/inst/BSCANID.u_xsdbm_id/CORE_XSDB.UUT_MASTER/U_ICON_INTERFACE/U_CMD7_STAT/stat_reg_ld_temp_1_reg_n_0                                                                                                                            |                                                                                                                                                                                                                                         |                3 |              6 |
|  dbg_hub/inst/BSCANID.u_xsdbm_id/itck_i | dbg_hub/inst/BSCANID.u_xsdbm_id/CORE_XSDB.UUT_MASTER/U_ICON_INTERFACE/U_CMD7_CTL/icn_cmd_en_temp                                                                                                                                        | dbg_hub/inst/BSCANID.u_xsdbm_id/CORE_XSDB.UUT_MASTER/U_ICON_INTERFACE/U_CMD1/ctl_reg[0]                                                                                                                                                 |                1 |              6 |
|  dbg_hub/inst/BSCANID.u_xsdbm_id/itck_i | dbg_hub/inst/BSCANID.u_xsdbm_id/CORE_XSDB.UUT_MASTER/U_ICON_INTERFACE/U_CMD7_STAT/icn_cmd_en_temp                                                                                                                                       |                                                                                                                                                                                                                                         |                1 |              6 |
|  dbg_hub/inst/BSCANID.u_xsdbm_id/itck_i | dbg_hub/inst/BSCANID.u_xsdbm_id/CORE_XSDB.UUT_MASTER/U_ICON_INTERFACE/U_CMD1/icn_cmd_en_temp                                                                                                                                            |                                                                                                                                                                                                                                         |                1 |              6 |
|  dbg_hub/inst/BSCANID.u_xsdbm_id/itck_i |                                                                                                                                                                                                                                         | dbg_hub/inst/BSCANID.u_xsdbm_id/CORE_XSDB.UUT_MASTER/U_ICON_INTERFACE/U_CMD6_WR/U_WR_FIFO/SUBCORE_FIFO.xsdbm_v3_0_0_wrfifo_inst/inst_fifo_gen/gconvfifo.rf/grf.rf/rstblk/ngwrdrst.grst.g7serrst.gwrrd_rst_sync_stage[2].wrst_inst/AS[0] |                2 |              6 |
|  dbg_hub/inst/BSCANID.u_xsdbm_id/itck_i |                                                                                                                                                                                                                                         | dbg_hub/inst/BSCANID.u_xsdbm_id/CORE_XSDB.UUT_MASTER/U_ICON_INTERFACE/U_CMD6_RD/U_RD_FIFO/SUBCORE_FIFO.xsdbm_v3_0_0_rdfifo_inst/inst_fifo_gen/gconvfifo.rf/grf.rf/rstblk/ngwrdrst.grst.g7serrst.gwrrd_rst_sync_stage[2].rrst_inst/AS[0] |                1 |              6 |
|  dbg_hub/inst/BSCANID.u_xsdbm_id/itck_i | dbg_hub/inst/BSCANID.u_xsdbm_id/CORE_XSDB.UUT_MASTER/U_ICON_INTERFACE/U_CMD3/icn_cmd_en_temp                                                                                                                                            |                                                                                                                                                                                                                                         |                1 |              8 |
|  dbg_hub/inst/BSCANID.u_xsdbm_id/itck_i | dbg_hub/inst/BSCANID.u_xsdbm_id/CORE_XSDB.UUT_MASTER/U_ICON_INTERFACE/U_CMD2/icn_cmd_en_temp                                                                                                                                            |                                                                                                                                                                                                                                         |                1 |              8 |
|  dbg_hub/inst/BSCANID.u_xsdbm_id/itck_i |                                                                                                                                                                                                                                         | dbg_hub/inst/BSCANID.u_xsdbm_id/CORE_XSDB.U_ICON/U_CMD/icn_cmd_en_reg[7]                                                                                                                                                                |                1 |              8 |
|  dbg_hub/inst/BSCANID.u_xsdbm_id/itck_i |                                                                                                                                                                                                                                         | dbg_hub/inst/BSCANID.u_xsdbm_id/CORE_XSDB.UUT_MASTER/U_ICON_INTERFACE/U_CMD5/shift_bit_count_reg[3][0]                                                                                                                                  |                1 |              8 |
|  dbg_hub/inst/BSCANID.u_xsdbm_id/itck_i |                                                                                                                                                                                                                                         | dbg_hub/inst/BSCANID.u_xsdbm_id/CORE_XSDB.UUT_MASTER/U_ICON_INTERFACE/U_CMD5/SR[0]                                                                                                                                                      |                1 |              8 |
|  dbg_hub/inst/BSCANID.u_xsdbm_id/itck_i |                                                                                                                                                                                                                                         | dbg_hub/inst/BSCANID.u_xsdbm_id/CORE_XSDB.UUT_MASTER/U_ICON_INTERFACE/icn_cmd_en[3]_i_1_n_0                                                                                                                                             |                1 |              8 |
|  CLK100MHZ_IBUF_BUFG                    | dbg_hub/inst/BSCANID.u_xsdbm_id/CORE_XSDB.UUT_MASTER/U_ICON_INTERFACE/U_CMD3/stat_reg_ld_temp_1_reg_n_0                                                                                                                                 |                                                                                                                                                                                                                                         |                4 |              8 |
|  CLK100MHZ_IBUF_BUFG                    |                                                                                                                                                                                                                                         | ila_core/U0/ila_core_inst/u_ila_regs/MU_SRL[1].mu_srl_reg/cnt[3]_i_1__2_n_0                                                                                                                                                             |                1 |              8 |
|  CLK100MHZ_IBUF_BUFG                    | ila_core/U0/ila_core_inst/u_ila_regs/drdyCount[5]_i_2_n_0                                                                                                                                                                               | ila_core/U0/ila_core_inst/u_ila_regs/drdyCount[5]_i_1_n_0                                                                                                                                                                               |                2 |              8 |
|  CLK100MHZ_IBUF_BUFG                    | vio_core/inst/DECODER_INST/wr_control_reg                                                                                                                                                                                               | dbg_hub/inst/BSCANID.u_xsdbm_id/CORE_XSDB.UUT_MASTER/U_XSDB_BUS_CONTROLLER/sl_iport1_o[0]                                                                                                                                               |                1 |              8 |
|  CLK100MHZ_IBUF_BUFG                    | vio_core/inst/PROBE_IN_INST/Read_int                                                                                                                                                                                                    | vio_core/inst/PROBE_IN_INST/addr_count[3]_i_1_n_0                                                                                                                                                                                       |                1 |              8 |
|  CLK100MHZ_IBUF_BUFG                    | dbg_hub/inst/BSCANID.u_xsdbm_id/CORE_XSDB.UUT_MASTER/U_ICON_INTERFACE/U_CMD2/stat_reg_ld_temp_1                                                                                                                                         |                                                                                                                                                                                                                                         |                4 |              8 |
|  CLK100MHZ_IBUF_BUFG                    |                                                                                                                                                                                                                                         | ila_core/U0/ila_core_inst/u_ila_regs/MU_SRL[12].mu_srl_reg/cnt[3]_i_1__13_n_0                                                                                                                                                           |                1 |              8 |
|  CLK100MHZ_IBUF_BUFG                    |                                                                                                                                                                                                                                         | ila_core/U0/ila_core_inst/u_ila_regs/reg_srl_fff/cnt[3]_i_1__0_n_0                                                                                                                                                                      |                1 |              8 |
|  CLK100MHZ_IBUF_BUFG                    |                                                                                                                                                                                                                                         | ila_core/U0/ila_core_inst/u_ila_regs/STRG_QUAL.qual_strg_srl_reg/cnt[3]_i_1_n_0                                                                                                                                                         |                1 |              8 |
|  CLK100MHZ_IBUF_BUFG                    |                                                                                                                                                                                                                                         | ila_core/U0/ila_core_inst/u_ila_regs/MU_SRL[3].mu_srl_reg/cnt[3]_i_1__4_n_0                                                                                                                                                             |                1 |              8 |
|  CLK100MHZ_IBUF_BUFG                    |                                                                                                                                                                                                                                         | ila_core/U0/ila_core_inst/u_ila_regs/TC_SRL[0].tc_srl_reg/cnt[3]_i_1__19_n_0                                                                                                                                                            |                1 |              8 |
|  CLK100MHZ_IBUF_BUFG                    |                                                                                                                                                                                                                                         | ila_core/U0/ila_core_inst/u_ila_regs/MU_SRL[17].mu_srl_reg/cnt[3]_i_1__18_n_0                                                                                                                                                           |                1 |              8 |
|  CLK100MHZ_IBUF_BUFG                    |                                                                                                                                                                                                                                         | ila_core/U0/ila_core_inst/u_ila_regs/MU_SRL[16].mu_srl_reg/cnt[3]_i_1__17_n_0                                                                                                                                                           |                1 |              8 |
|  CLK100MHZ_IBUF_BUFG                    |                                                                                                                                                                                                                                         | ila_core/U0/ila_core_inst/u_ila_regs/MU_SRL[4].mu_srl_reg/cnt[3]_i_1__5_n_0                                                                                                                                                             |                1 |              8 |
|  CLK100MHZ_IBUF_BUFG                    |                                                                                                                                                                                                                                         | ila_core/U0/ila_core_inst/u_ila_regs/MU_SRL[15].mu_srl_reg/cnt[3]_i_1__16_n_0                                                                                                                                                           |                1 |              8 |
|  CLK100MHZ_IBUF_BUFG                    |                                                                                                                                                                                                                                         | ila_core/U0/ila_core_inst/u_ila_regs/MU_SRL[14].mu_srl_reg/cnt[3]_i_1__15_n_0                                                                                                                                                           |                1 |              8 |
|  CLK100MHZ_IBUF_BUFG                    |                                                                                                                                                                                                                                         | ila_core/U0/ila_core_inst/u_ila_regs/MU_SRL[13].mu_srl_reg/cnt[3]_i_1__14_n_0                                                                                                                                                           |                1 |              8 |
|  CLK100MHZ_IBUF_BUFG                    |                                                                                                                                                                                                                                         | ila_core/U0/ila_core_inst/u_ila_regs/MU_SRL[11].mu_srl_reg/cnt[3]_i_1__12_n_0                                                                                                                                                           |                1 |              8 |
|  CLK100MHZ_IBUF_BUFG                    |                                                                                                                                                                                                                                         | ila_core/U0/ila_core_inst/u_ila_regs/MU_SRL[5].mu_srl_reg/cnt[3]_i_1__6_n_0                                                                                                                                                             |                1 |              8 |
|  CLK100MHZ_IBUF_BUFG                    |                                                                                                                                                                                                                                         | ila_core/U0/ila_core_inst/u_ila_regs/MU_SRL[0].mu_srl_reg/cnt[3]_i_1__1_n_0                                                                                                                                                             |                1 |              8 |
|  CLK100MHZ_IBUF_BUFG                    |                                                                                                                                                                                                                                         | ila_core/U0/ila_core_inst/u_ila_regs/MU_SRL[10].mu_srl_reg/cnt[3]_i_1__11_n_0                                                                                                                                                           |                1 |              8 |
|  CLK100MHZ_IBUF_BUFG                    |                                                                                                                                                                                                                                         | ila_core/U0/ila_core_inst/u_ila_regs/MU_SRL[9].mu_srl_reg/cnt[3]_i_1__10_n_0                                                                                                                                                            |                1 |              8 |
|  CLK100MHZ_IBUF_BUFG                    |                                                                                                                                                                                                                                         | vio_core/inst/DECODER_INST/rd_en_reg[5]_0                                                                                                                                                                                               |                1 |              8 |
|  CLK100MHZ_IBUF_BUFG                    |                                                                                                                                                                                                                                         | vio_core/inst/DECODER_INST/Bus_data_out[11]_i_1_n_0                                                                                                                                                                                     |                1 |              8 |
|  CLK100MHZ_IBUF_BUFG                    |                                                                                                                                                                                                                                         | ila_core/U0/ila_core_inst/u_ila_regs/MU_SRL[8].mu_srl_reg/cnt[3]_i_1__9_n_0                                                                                                                                                             |                1 |              8 |
|  CLK100MHZ_IBUF_BUFG                    |                                                                                                                                                                                                                                         | ila_core/U0/ila_core_inst/u_ila_regs/MU_SRL[7].mu_srl_reg/cnt[3]_i_1__8_n_0                                                                                                                                                             |                1 |              8 |
|  CLK100MHZ_IBUF_BUFG                    |                                                                                                                                                                                                                                         | ila_core/U0/ila_core_inst/u_ila_regs/MU_SRL[2].mu_srl_reg/cnt[3]_i_1__3_n_0                                                                                                                                                             |                1 |              8 |
|  CLK100MHZ_IBUF_BUFG                    |                                                                                                                                                                                                                                         | ila_core/U0/ila_core_inst/u_ila_regs/MU_SRL[6].mu_srl_reg/cnt[3]_i_1__7_n_0                                                                                                                                                             |                1 |              8 |
|  CLK100MHZ_IBUF_BUFG                    |                                                                                                                                                                                                                                         | ila_core/U0/ila_core_inst/u_ila_reset_ctrl/Q[2]                                                                                                                                                                                         |                2 |              8 |
|  dbg_hub/inst/BSCANID.u_xsdbm_id/itck_i |                                                                                                                                                                                                                                         | dbg_hub/inst/BSCANID.u_xsdbm_id/CORE_XSDB.U_ICON/U_CMD/SR[0]                                                                                                                                                                            |                1 |             12 |
|  CLK100MHZ_IBUF_BUFG                    |                                                                                                                                                                                                                                         | ila_core/U0/ila_core_inst/u_ila_reset_ctrl/halt_detection_inst/SS[0]                                                                                                                                                                    |                2 |             12 |
|  dbg_hub/inst/BSCANID.u_xsdbm_id/itck_i | dbg_hub/inst/BSCANID.u_xsdbm_id/SWITCH_N_EXT_BSCAN.bscan_inst/s_bscan_sel                                                                                                                                                               | dbg_hub/inst/BSCANID.u_xsdbm_id/SWITCH_N_EXT_BSCAN.bscan_inst/s_bscan_reset                                                                                                                                                             |                2 |             12 |
|  CLK100MHZ_IBUF_BUFG                    | ila_core/U0/ila_core_inst/u_ila_regs/xsdb_rden_ff9                                                                                                                                                                                      | ila_core/U0/ila_core_inst/u_ila_regs/count00                                                                                                                                                                                            |                2 |             14 |
|  CLK100MHZ_IBUF_BUFG                    | ila_core/U0/ila_core_inst/u_ila_regs/xsdb_rden_ffa                                                                                                                                                                                      | ila_core/U0/ila_core_inst/u_ila_regs/count10                                                                                                                                                                                            |                2 |             14 |
|  CLK100MHZ_IBUF_BUFG                    |                                                                                                                                                                                                                                         | ila_core/U0/ila_core_inst/u_ila_regs/reg_15/I_EN_CTL_EQ1.U_CTL/SR[0]                                                                                                                                                                    |                2 |             14 |
|  dbg_hub/inst/BSCANID.u_xsdbm_id/itck_i |                                                                                                                                                                                                                                         | dbg_hub/inst/BSCANID.u_xsdbm_id/CORE_XSDB.UUT_MASTER/U_ICON_INTERFACE/U_STATIC_STATUS/clear                                                                                                                                             |                2 |             14 |
|  CLK100MHZ_IBUF_BUFG                    | dbg_hub/inst/BSCANID.u_xsdbm_id/CORE_XSDB.UUT_MASTER/U_ICON_INTERFACE/U_CMD6_WR/U_WR_FIFO/SUBCORE_FIFO.xsdbm_v3_0_0_wrfifo_inst/inst_fifo_gen/gconvfifo.rf/grf.rf/gntv_or_sync_fifo.gl0.rd/gras.rsts/E[0]                               | dbg_hub/inst/BSCANID.u_xsdbm_id/CORE_XSDB.UUT_MASTER/U_ICON_INTERFACE/U_CMD6_WR/U_WR_FIFO/SUBCORE_FIFO.xsdbm_v3_0_0_wrfifo_inst/inst_fifo_gen/gconvfifo.rf/grf.rf/rstblk/rd_rst_reg[2]                                                  |                2 |             16 |
|  dbg_hub/inst/BSCANID.u_xsdbm_id/itck_i |                                                                                                                                                                                                                                         | dbg_hub/inst/BSCANID.u_xsdbm_id/SWITCH_N_EXT_BSCAN.bscan_switch/counter[7]_i_1_n_0                                                                                                                                                      |                3 |             16 |
|  dbg_hub/inst/BSCANID.u_xsdbm_id/itck_i |                                                                                                                                                                                                                                         | dbg_hub/inst/BSCANID.u_xsdbm_id/CORE_XSDB.U_ICON/U_SYNC/iSYNC_WORD[6]_i_1_n_0                                                                                                                                                           |                1 |             16 |
|  dbg_hub/inst/BSCANID.u_xsdbm_id/itck_i | dbg_hub/inst/BSCANID.u_xsdbm_id/CORE_XSDB.UUT_MASTER/U_ICON_INTERFACE/U_CMD6_RD/U_RD_FIFO/SUBCORE_FIFO.xsdbm_v3_0_0_rdfifo_inst/inst_fifo_gen/gconvfifo.rf/grf.rf/gntv_or_sync_fifo.gl0.rd/gr1.gr1_int.rfwft/E[0]                       | dbg_hub/inst/BSCANID.u_xsdbm_id/CORE_XSDB.UUT_MASTER/U_ICON_INTERFACE/U_CMD6_RD/U_RD_FIFO/SUBCORE_FIFO.xsdbm_v3_0_0_rdfifo_inst/inst_fifo_gen/gconvfifo.rf/grf.rf/rstblk/rd_rst_reg[2]                                                  |                2 |             16 |
|  CLK100MHZ_IBUF_BUFG                    |                                                                                                                                                                                                                                         | dbg_hub/inst/BSCANID.u_xsdbm_id/CORE_XSDB.UUT_MASTER/U_XSDB_BUS_CONTROLLER/timer_rst                                                                                                                                                    |                2 |             16 |
| ~CLK100MHZ_IBUF_BUFG                    |                                                                                                                                                                                                                                         |                                                                                                                                                                                                                                         |                2 |             18 |
|  CLK100MHZ_IBUF_BUFG                    | ila_core/U0/ila_core_inst/u_ila_regs/sel                                                                                                                                                                                                | ila_core/U0/ila_core_inst/u_ila_regs/clk_lost_cnt[8]_i_1_n_0                                                                                                                                                                            |                3 |             18 |
|  dbg_hub/inst/BSCANID.u_xsdbm_id/itck_i |                                                                                                                                                                                                                                         | dbg_hub/inst/BSCANID.u_xsdbm_id/CORE_XSDB.UUT_MASTER/U_ICON_INTERFACE/U_CMD6_RD/U_RD_FIFO/SUBCORE_FIFO.xsdbm_v3_0_0_rdfifo_inst/inst_fifo_gen/gconvfifo.rf/grf.rf/rstblk/rd_rst_reg[2]                                                  |                2 |             20 |
|  CLK100MHZ_IBUF_BUFG                    | ila_core/U0/ila_core_inst/u_ila_cap_ctrl/u_cap_addrgen/u_cap_window_counter/U_WCE/E[0]                                                                                                                                                  | ila_core/U0/ila_core_inst/u_ila_reset_ctrl/Q[0]                                                                                                                                                                                         |                2 |             20 |
|  CLK100MHZ_IBUF_BUFG                    | ila_core/U0/ila_core_inst/u_ila_cap_ctrl/u_cap_addrgen/u_cap_sample_counter/U_SCE/E[0]                                                                                                                                                  | ila_core/U0/ila_core_inst/u_ila_cap_ctrl/u_cap_addrgen/u_cap_sample_counter/U_SCRST/SR[0]                                                                                                                                               |                4 |             20 |
|  dbg_hub/inst/BSCANID.u_xsdbm_id/itck_i | dbg_hub/inst/BSCANID.u_xsdbm_id/CORE_XSDB.U_ICON/U_CMD/iTARGET_CE                                                                                                                                                                       | dbg_hub/inst/BSCANID.u_xsdbm_id/CORE_XSDB.U_ICON/U_CMD/iSEL_n                                                                                                                                                                           |                2 |             20 |
|  CLK100MHZ_IBUF_BUFG                    | ila_core/U0/ila_core_inst/u_ila_reset_ctrl/captured_samples_reg[0][0]                                                                                                                                                                   |                                                                                                                                                                                                                                         |                3 |             20 |
|  CLK100MHZ_IBUF_BUFG                    | ila_core/U0/ila_core_inst/xsdb_memory_read_inst/read_addr                                                                                                                                                                               |                                                                                                                                                                                                                                         |                3 |             20 |
|  dbg_hub/inst/BSCANID.u_xsdbm_id/itck_i | dbg_hub/inst/BSCANID.u_xsdbm_id/CORE_XSDB.UUT_MASTER/U_ICON_INTERFACE/U_CMD6_WR/U_WR_FIFO/SUBCORE_FIFO.xsdbm_v3_0_0_wrfifo_inst/inst_fifo_gen/gconvfifo.rf/grf.rf/gntv_or_sync_fifo.gl0.wr/gwas.wsts/E[0]                               | dbg_hub/inst/BSCANID.u_xsdbm_id/CORE_XSDB.UUT_MASTER/U_ICON_INTERFACE/U_CMD6_WR/U_WR_FIFO/SUBCORE_FIFO.xsdbm_v3_0_0_wrfifo_inst/inst_fifo_gen/gconvfifo.rf/grf.rf/rstblk/wr_rst_reg[1]                                                  |                3 |             24 |
|  CLK100MHZ_IBUF_BUFG                    | dbg_hub/inst/BSCANID.u_xsdbm_id/CORE_XSDB.UUT_MASTER/U_ICON_INTERFACE/U_CMD6_RD/U_RD_FIFO/SUBCORE_FIFO.xsdbm_v3_0_0_rdfifo_inst/inst_fifo_gen/gconvfifo.rf/grf.rf/gntv_or_sync_fifo.gl0.wr/gwas.wsts/E[0]                               | dbg_hub/inst/BSCANID.u_xsdbm_id/CORE_XSDB.UUT_MASTER/U_ICON_INTERFACE/U_CMD6_RD/U_RD_FIFO/SUBCORE_FIFO.xsdbm_v3_0_0_rdfifo_inst/inst_fifo_gen/gconvfifo.rf/grf.rf/rstblk/wr_rst_reg[1]                                                  |                2 |             24 |
|  CLK100MHZ_IBUF_BUFG                    | spi_slave_input/output_shift_register[15]_i_1_n_0                                                                                                                                                                                       |                                                                                                                                                                                                                                         |                2 |             32 |
|  CLK100MHZ_IBUF_BUFG                    | spi_slave_input/data_o[15]_i_1_n_0                                                                                                                                                                                                      |                                                                                                                                                                                                                                         |                3 |             32 |
|  CLK100MHZ_IBUF_BUFG                    | spi_slave_input/input_shift_register[15]_i_1_n_0                                                                                                                                                                                        |                                                                                                                                                                                                                                         |                4 |             32 |
|  CLK100MHZ_IBUF_BUFG                    |                                                                                                                                                                                                                                         | dbg_hub/inst/BSCANID.u_xsdbm_id/CORE_XSDB.UUT_MASTER/U_ICON_INTERFACE/U_CMD6_WR/U_WR_FIFO/SUBCORE_FIFO.xsdbm_v3_0_0_wrfifo_inst/inst_fifo_gen/gconvfifo.rf/grf.rf/rstblk/rd_rst_reg[1]                                                  |                3 |             32 |
|  CLK100MHZ_IBUF_BUFG                    |                                                                                                                                                                                                                                         | ila_core/U0/ila_core_inst/u_ila_regs/slaveRegDo_mux_3[15]_i_1_n_0                                                                                                                                                                       |                5 |             32 |
|  CLK100MHZ_IBUF_BUFG                    | vio_core/inst/DECODER_INST/wr_probe_out_modified                                                                                                                                                                                        | vio_core/inst/DECODER_INST/clear_int                                                                                                                                                                                                    |                5 |             32 |
|  CLK100MHZ_IBUF_BUFG                    | vio_core/inst/U_XSDB_SLAVE/reg_test0                                                                                                                                                                                                    |                                                                                                                                                                                                                                         |                6 |             32 |
|  CLK100MHZ_IBUF_BUFG                    | dbg_hub/inst/BSCANID.u_xsdbm_id/CORE_XSDB.UUT_MASTER/U_ICON_INTERFACE/U_CMD6_WR/U_WR_FIFO/SUBCORE_FIFO.xsdbm_v3_0_0_wrfifo_inst/inst_fifo_gen/gconvfifo.rf/grf.rf/gntv_or_sync_fifo.gl0.rd/gras.rsts/E[0]                               |                                                                                                                                                                                                                                         |                5 |             32 |
|  dbg_hub/inst/BSCANID.u_xsdbm_id/itck_i |                                                                                                                                                                                                                                         | dbg_hub/inst/BSCANID.u_xsdbm_id/CORE_XSDB.UUT_MASTER/U_ICON_INTERFACE/U_CMD6_RD/U_RD_FIFO/SUBCORE_FIFO.xsdbm_v3_0_0_rdfifo_inst/inst_fifo_gen/gconvfifo.rf/grf.rf/rstblk/rd_rst_reg[1]                                                  |                3 |             32 |
|  dbg_hub/inst/BSCANID.u_xsdbm_id/itck_i | dbg_hub/inst/BSCANID.u_xsdbm_id/CORE_XSDB.UUT_MASTER/U_ICON_INTERFACE/U_CMD5/E[0]                                                                                                                                                       | dbg_hub/inst/BSCANID.u_xsdbm_id/CORE_XSDB.UUT_MASTER/U_ICON_INTERFACE/rddata_rst                                                                                                                                                        |                4 |             32 |
|  dbg_hub/inst/BSCANID.u_xsdbm_id/itck_i | dbg_hub/inst/BSCANID.u_xsdbm_id/CORE_XSDB.UUT_MASTER/U_ICON_INTERFACE/U_CMD5/shift_reg_in_reg[15]_0[0]                                                                                                                                  | dbg_hub/inst/BSCANID.u_xsdbm_id/CORE_XSDB.UUT_MASTER/U_ICON_INTERFACE/wrdata_rst                                                                                                                                                        |                3 |             32 |
|  dbg_hub/inst/BSCANID.u_xsdbm_id/itck_i | dbg_hub/inst/BSCANID.u_xsdbm_id/CORE_XSDB.UUT_MASTER/U_ICON_INTERFACE/U_CMD6_RD/U_RD_FIFO/SUBCORE_FIFO.xsdbm_v3_0_0_rdfifo_inst/inst_fifo_gen/gconvfifo.rf/grf.rf/gntv_or_sync_fifo.gl0.rd/gr1.gr1_int.rfwft/E[0]                       |                                                                                                                                                                                                                                         |                3 |             32 |
|  dbg_hub/inst/BSCANID.u_xsdbm_id/itck_i | dbg_hub/inst/BSCANID.u_xsdbm_id/CORE_XSDB.UUT_MASTER/U_ICON_INTERFACE/U_CMD6_RD/U_RD_FIFO/SUBCORE_FIFO.xsdbm_v3_0_0_rdfifo_inst/inst_fifo_gen/gconvfifo.rf/grf.rf/gntv_or_sync_fifo.gl0.rd/gr1.gr1_int.rfwft/goreg_dm.dout_i_reg[15][0] |                                                                                                                                                                                                                                         |                3 |             32 |
|  CLK100MHZ_IBUF_BUFG                    | ila_core/U0/ila_core_inst/u_ila_regs/reg_85/I_EN_CTL_EQ1.U_CTL/xsdb_reg[15]_i_1__10_n_0                                                                                                                                                 |                                                                                                                                                                                                                                         |               10 |             32 |
|  CLK100MHZ_IBUF_BUFG                    | ila_core/U0/ila_core_inst/u_ila_regs/reg_83/I_EN_CTL_EQ1.U_CTL/xsdb_reg[15]_i_1__5_n_0                                                                                                                                                  |                                                                                                                                                                                                                                         |                6 |             32 |
|  CLK100MHZ_IBUF_BUFG                    | ila_core/U0/ila_core_inst/u_ila_regs/reg_82/I_EN_CTL_EQ1.U_CTL/xsdb_reg[15]_i_1__3_n_0                                                                                                                                                  |                                                                                                                                                                                                                                         |                3 |             32 |
|  CLK100MHZ_IBUF_BUFG                    | ila_core/U0/ila_core_inst/u_ila_regs/reg_17/I_EN_CTL_EQ1.U_CTL/xsdb_reg[15]_i_1__6_n_0                                                                                                                                                  |                                                                                                                                                                                                                                         |                9 |             32 |
|  CLK100MHZ_IBUF_BUFG                    | ila_core/U0/ila_core_inst/u_ila_regs/reg_19/I_EN_CTL_EQ1.U_CTL/xsdb_reg[15]_i_1__8_n_0                                                                                                                                                  |                                                                                                                                                                                                                                         |                5 |             32 |
|  CLK100MHZ_IBUF_BUFG                    | ila_core/U0/ila_core_inst/u_ila_regs/reg_15/I_EN_CTL_EQ1.U_CTL/xsdb_reg[15]_i_1__11_n_0                                                                                                                                                 |                                                                                                                                                                                                                                         |                5 |             32 |
|  CLK100MHZ_IBUF_BUFG                    | ila_core/U0/ila_core_inst/u_ila_regs/reg_18/I_EN_CTL_EQ1.U_CTL/xsdb_reg[15]_i_1__0_n_0                                                                                                                                                  |                                                                                                                                                                                                                                         |                9 |             32 |
|  CLK100MHZ_IBUF_BUFG                    | ila_core/U0/ila_core_inst/u_ila_regs/reg_16/I_EN_CTL_EQ1.U_CTL/xsdb_reg[15]_i_1__12_n_0                                                                                                                                                 |                                                                                                                                                                                                                                         |                6 |             32 |
|  CLK100MHZ_IBUF_BUFG                    | ila_core/U0/ila_core_inst/u_ila_regs/reg_84/I_EN_CTL_EQ1.U_CTL/xsdb_reg[15]_i_1__4_n_0                                                                                                                                                  |                                                                                                                                                                                                                                         |                7 |             32 |
|  CLK100MHZ_IBUF_BUFG                    | ila_core/U0/ila_core_inst/u_ila_regs/reg_7/I_EN_CTL_EQ1.U_CTL/xsdb_reg[15]_i_1__7_n_0                                                                                                                                                   |                                                                                                                                                                                                                                         |                7 |             32 |
|  CLK100MHZ_IBUF_BUFG                    | ila_core/U0/ila_core_inst/u_ila_regs/reg_1a/I_EN_CTL_EQ1.U_CTL/xsdb_reg[15]_i_1__13_n_0                                                                                                                                                 |                                                                                                                                                                                                                                         |                7 |             32 |
|  CLK100MHZ_IBUF_BUFG                    | ila_core/U0/ila_core_inst/xsdb_memory_read_inst/E[0]                                                                                                                                                                                    |                                                                                                                                                                                                                                         |                6 |             32 |
|  CLK100MHZ_IBUF_BUFG                    | ila_core/U0/ila_core_inst/u_ila_regs/reg_6/I_EN_CTL_EQ1.U_CTL/xsdb_reg[15]_i_1_n_0                                                                                                                                                      |                                                                                                                                                                                                                                         |                6 |             32 |
|  CLK100MHZ_IBUF_BUFG                    | ila_core/U0/ila_core_inst/u_ila_regs/reg_80/I_EN_CTL_EQ1.U_CTL/xsdb_reg[15]_i_1__1_n_0                                                                                                                                                  |                                                                                                                                                                                                                                         |                3 |             32 |
|  CLK100MHZ_IBUF_BUFG                    | ila_core/U0/ila_core_inst/u_ila_regs/reg_81/I_EN_CTL_EQ1.U_CTL/xsdb_reg[15]_i_1__2_n_0                                                                                                                                                  |                                                                                                                                                                                                                                         |                3 |             32 |
|  CLK100MHZ_IBUF_BUFG                    |                                                                                                                                                                                                                                         | ila_core/U0/ila_core_inst/u_ila_regs/slaveRegDo_mux_6[15]_i_1_n_0                                                                                                                                                                       |                9 |             32 |
|  CLK100MHZ_IBUF_BUFG                    | ila_core/U0/ila_core_inst/u_ila_regs/U_XSDB_SLAVE/reg_test0                                                                                                                                                                             |                                                                                                                                                                                                                                         |                3 |             32 |
|  CLK100MHZ_IBUF_BUFG                    | ila_core/U0/ila_core_inst/u_ila_regs/reg_stream_ffd/I_EN_CTL_EQ1.U_CTL/xsdb_reg[15]_i_1__9_n_0                                                                                                                                          |                                                                                                                                                                                                                                         |                5 |             32 |
|  CLK100MHZ_IBUF_BUFG                    | dbg_hub/inst/BSCANID.u_xsdbm_id/CORE_XSDB.UUT_MASTER/U_XSDB_BUS_CONTROLLER/addr_reg[16]                                                                                                                                                 | dbg_hub/inst/BSCANID.u_xsdbm_id/CORE_XSDB.UUT_MASTER/U_ICON_INTERFACE/U_CMD1/ctl_reg[0]                                                                                                                                                 |                5 |             34 |
|  CLK100MHZ_IBUF_BUFG                    | dbg_hub/inst/BSCANID.u_xsdbm_id/CORE_XSDB.UUT_MASTER/U_XSDB_BUS_CONTROLLER/burst_wd_reg[0]                                                                                                                                              | dbg_hub/inst/BSCANID.u_xsdbm_id/CORE_XSDB.UUT_MASTER/U_ICON_INTERFACE/U_CMD1/ctl_reg[0]                                                                                                                                                 |                5 |             34 |
|  dbg_hub/inst/BSCANID.u_xsdbm_id/itck_i |                                                                                                                                                                                                                                         | dbg_hub/inst/BSCANID.u_xsdbm_id/CORE_XSDB.UUT_MASTER/U_ICON_INTERFACE/U_CMD6_WR/U_WR_FIFO/SUBCORE_FIFO.xsdbm_v3_0_0_wrfifo_inst/inst_fifo_gen/gconvfifo.rf/grf.rf/rstblk/wr_rst_reg[0]                                                  |                4 |             36 |
|  CLK100MHZ_IBUF_BUFG                    |                                                                                                                                                                                                                                         | dbg_hub/inst/BSCANID.u_xsdbm_id/CORE_XSDB.UUT_MASTER/U_ICON_INTERFACE/U_CMD6_RD/U_RD_FIFO/SUBCORE_FIFO.xsdbm_v3_0_0_rdfifo_inst/inst_fifo_gen/gconvfifo.rf/grf.rf/rstblk/wr_rst_reg[0]                                                  |                5 |             36 |
|  dbg_hub/inst/BSCANID.u_xsdbm_id/itck_i | dbg_hub/inst/BSCANID.u_xsdbm_id/CORE_XSDB.UUT_MASTER/U_ICON_INTERFACE/U_CMD5/icn_cmd_en_temp                                                                                                                                            | dbg_hub/inst/BSCANID.u_xsdbm_id/CORE_XSDB.UUT_MASTER/U_ICON_INTERFACE/U_CMD1/ctl_reg[0]                                                                                                                                                 |                3 |             36 |
|  CLK100MHZ_IBUF_BUFG                    | dbg_hub/inst/BSCANID.u_xsdbm_id/CORE_XSDB.UUT_MASTER/U_ICON_INTERFACE/U_CMD5/ctl_reg[17]_i_1_n_0                                                                                                                                        | dbg_hub/inst/BSCANID.u_xsdbm_id/CORE_XSDB.UUT_MASTER/U_ICON_INTERFACE/U_CMD1/ctl_reg[0]                                                                                                                                                 |                5 |             36 |
|  CLK100MHZ_IBUF_BUFG                    |                                                                                                                                                                                                                                         | dbg_hub/inst/BSCANID.u_xsdbm_id/CORE_XSDB.UUT_MASTER/U_XSDB_BUS_CONTROLLER/sl_iport0_o[0]                                                                                                                                               |               10 |             38 |
|  CLK100MHZ_IBUF_BUFG                    |                                                                                                                                                                                                                                         | ila_core/U0/ila_core_inst/u_ila_regs/TC_SRL[0].tc_srl_reg/shadow_reg[15]_0                                                                                                                                                              |               17 |             42 |
|  CLK100MHZ_IBUF_BUFG                    | dbg_hub/inst/BSCANID.u_xsdbm_id/CORE_XSDB.UUT_MASTER/U_ICON_INTERFACE/U_CMD6_RD/U_RD_FIFO/SUBCORE_FIFO.xsdbm_v3_0_0_rdfifo_inst/inst_fifo_gen/gconvfifo.rf/grf.rf/gntv_or_sync_fifo.gl0.wr/gwas.wsts/E[0]                               |                                                                                                                                                                                                                                         |                3 |             48 |
|  dbg_hub/inst/BSCANID.u_xsdbm_id/itck_i | dbg_hub/inst/BSCANID.u_xsdbm_id/CORE_XSDB.UUT_MASTER/U_ICON_INTERFACE/U_CMD6_WR/U_WR_FIFO/SUBCORE_FIFO.xsdbm_v3_0_0_wrfifo_inst/inst_fifo_gen/gconvfifo.rf/grf.rf/gntv_or_sync_fifo.gl0.wr/gwas.wsts/E[0]                               |                                                                                                                                                                                                                                         |                3 |             48 |
|  CLK100MHZ_IBUF_BUFG                    | ila_core/U0/ila_core_inst/u_ila_regs/MU_SRL[2].mu_srl_reg/E[0]                                                                                                                                                                          |                                                                                                                                                                                                                                         |               10 |             50 |
|  CLK100MHZ_IBUF_BUFG                    | ila_core/U0/ila_core_inst/u_ila_regs/MU_SRL[4].mu_srl_reg/E[0]                                                                                                                                                                          |                                                                                                                                                                                                                                         |                9 |             50 |
|  CLK100MHZ_IBUF_BUFG                    | ila_core/U0/ila_core_inst/u_ila_regs/MU_SRL[3].mu_srl_reg/E[0]                                                                                                                                                                          |                                                                                                                                                                                                                                         |                8 |             50 |
|  CLK100MHZ_IBUF_BUFG                    | ila_core/U0/ila_core_inst/u_ila_regs/MU_SRL[1].mu_srl_reg/E[0]                                                                                                                                                                          |                                                                                                                                                                                                                                         |               10 |             50 |
|  CLK100MHZ_IBUF_BUFG                    | ila_core/U0/ila_core_inst/u_ila_regs/MU_SRL[0].mu_srl_reg/E[0]                                                                                                                                                                          |                                                                                                                                                                                                                                         |                8 |             50 |
|  CLK100MHZ_IBUF_BUFG                    | ila_core/U0/ila_core_inst/u_ila_regs/MU_SRL[9].mu_srl_reg/E[0]                                                                                                                                                                          |                                                                                                                                                                                                                                         |               14 |             50 |
|  CLK100MHZ_IBUF_BUFG                    | ila_core/U0/ila_core_inst/u_ila_regs/MU_SRL[8].mu_srl_reg/E[0]                                                                                                                                                                          |                                                                                                                                                                                                                                         |                9 |             50 |
|  CLK100MHZ_IBUF_BUFG                    | ila_core/U0/ila_core_inst/u_ila_regs/MU_SRL[5].mu_srl_reg/E[0]                                                                                                                                                                          |                                                                                                                                                                                                                                         |                9 |             50 |
|  CLK100MHZ_IBUF_BUFG                    | ila_core/U0/ila_core_inst/u_ila_regs/MU_SRL[14].mu_srl_reg/E[0]                                                                                                                                                                         |                                                                                                                                                                                                                                         |               10 |             50 |
|  CLK100MHZ_IBUF_BUFG                    | ila_core/U0/ila_core_inst/u_ila_regs/MU_SRL[15].mu_srl_reg/E[0]                                                                                                                                                                         |                                                                                                                                                                                                                                         |                7 |             50 |
|  CLK100MHZ_IBUF_BUFG                    | ila_core/U0/ila_core_inst/u_ila_regs/MU_SRL[7].mu_srl_reg/E[0]                                                                                                                                                                          |                                                                                                                                                                                                                                         |                8 |             50 |
|  CLK100MHZ_IBUF_BUFG                    | ila_core/U0/ila_core_inst/u_ila_regs/MU_SRL[6].mu_srl_reg/E[0]                                                                                                                                                                          |                                                                                                                                                                                                                                         |               13 |             50 |
|  CLK100MHZ_IBUF_BUFG                    |                                                                                                                                                                                                                                         | ila_core/U0/ila_core_inst/u_ila_regs/U_XSDB_SLAVE/s_daddr_o[9]                                                                                                                                                                          |               19 |             54 |
|  CLK100MHZ_IBUF_BUFG                    | dbg_hub/inst/BSCANID.u_xsdbm_id/CORE_XSDB.UUT_MASTER/U_ICON_INTERFACE/U_CMD4/ctl_reg[27]_i_1_n_0                                                                                                                                        | dbg_hub/inst/BSCANID.u_xsdbm_id/CORE_XSDB.UUT_MASTER/U_ICON_INTERFACE/U_CMD1/ctl_reg[0]                                                                                                                                                 |                6 |             56 |
|  dbg_hub/inst/BSCANID.u_xsdbm_id/itck_i | dbg_hub/inst/BSCANID.u_xsdbm_id/CORE_XSDB.UUT_MASTER/U_ICON_INTERFACE/U_CMD4/icn_cmd_en_temp                                                                                                                                            | dbg_hub/inst/BSCANID.u_xsdbm_id/CORE_XSDB.UUT_MASTER/U_ICON_INTERFACE/U_CMD1/ctl_reg[0]                                                                                                                                                 |                4 |             56 |
|  dbg_hub/inst/BSCANID.u_xsdbm_id/itck_i | dbg_hub/inst/BSCANID.u_xsdbm_id/SWITCH_N_EXT_BSCAN.bscan_switch/temp_curid[24]_i_1_n_0                                                                                                                                                  | dbg_hub/inst/BSCANID.u_xsdbm_id/SWITCH_N_EXT_BSCAN.bscan_switch/temp_curid[31]_i_1_n_0                                                                                                                                                  |                6 |             62 |
|  dbg_hub/inst/BSCANID.u_xsdbm_id/itck_i |                                                                                                                                                                                                                                         | dbg_hub/inst/BSCANID.u_xsdbm_id/SWITCH_N_EXT_BSCAN.bscan_switch/shiftreg[31]_i_1_n_0                                                                                                                                                    |               12 |             64 |
|  dbg_hub/inst/BSCANID.u_xsdbm_id/itck_i | dbg_hub/inst/BSCANID.u_xsdbm_id/SWITCH_N_EXT_BSCAN.bscan_switch/bscanid[31]_i_1_n_0                                                                                                                                                     | dbg_hub/inst/BSCANID.u_xsdbm_id/SWITCH_N_EXT_BSCAN.bscan_inst/s_bscan_reset                                                                                                                                                             |                9 |             64 |
|  CLK100MHZ_IBUF_BUFG                    |                                                                                                                                                                                                                                         | dbg_hub/inst/BSCANID.u_xsdbm_id/CORE_XSDB.UUT_MASTER/U_ICON_INTERFACE/U_CMD1/ctl_reg[0]                                                                                                                                                 |               18 |             66 |
|  CLK100MHZ_IBUF_BUFG                    | ila_core/U0/ila_core_inst/u_ila_regs/MU_SRL[12].mu_srl_reg/E[0]                                                                                                                                                                         |                                                                                                                                                                                                                                         |                9 |             66 |
|  CLK100MHZ_IBUF_BUFG                    | ila_core/U0/ila_core_inst/u_ila_regs/MU_SRL[11].mu_srl_reg/E[0]                                                                                                                                                                         |                                                                                                                                                                                                                                         |               10 |             66 |
|  CLK100MHZ_IBUF_BUFG                    | ila_core/U0/ila_core_inst/u_ila_regs/MU_SRL[13].mu_srl_reg/E[0]                                                                                                                                                                         |                                                                                                                                                                                                                                         |                8 |             66 |
|  CLK100MHZ_IBUF_BUFG                    | ila_core/U0/ila_core_inst/u_ila_regs/MU_SRL[16].mu_srl_reg/E[0]                                                                                                                                                                         |                                                                                                                                                                                                                                         |                7 |             66 |
|  CLK100MHZ_IBUF_BUFG                    | ila_core/U0/ila_core_inst/u_ila_regs/MU_SRL[17].mu_srl_reg/E[0]                                                                                                                                                                         |                                                                                                                                                                                                                                         |                6 |             66 |
|  CLK100MHZ_IBUF_BUFG                    | ila_core/U0/ila_core_inst/u_ila_regs/MU_SRL[10].mu_srl_reg/E[0]                                                                                                                                                                         |                                                                                                                                                                                                                                         |                8 |             66 |
|  dbg_hub/inst/BSCANID.u_xsdbm_id/itck_i | dbg_hub/inst/BSCANID.u_xsdbm_id/SWITCH_N_EXT_BSCAN.id_state[1]_i_1_n_0                                                                                                                                                                  | dbg_hub/inst/BSCANID.u_xsdbm_id/SWITCH_N_EXT_BSCAN.bscan_inst/s_bscan_reset                                                                                                                                                             |               10 |             68 |
|  CLK100MHZ_IBUF_BUFG                    | ila_core/U0/ila_core_inst/u_ila_regs/U_XSDB_SLAVE/s_den_o                                                                                                                                                                               |                                                                                                                                                                                                                                         |               10 |             68 |
|  CLK100MHZ_IBUF_BUFG                    |                                                                                                                                                                                                                                         | ila_core/U0/ila_core_inst/use_probe_debug_circuit                                                                                                                                                                                       |               14 |             80 |
|  CLK100MHZ_IBUF_BUFG                    | ila_core/U0/ila_core_inst/u_ila_regs/TC_SRL[0].tc_srl_reg/E[0]                                                                                                                                                                          |                                                                                                                                                                                                                                         |                9 |             82 |
|  CLK100MHZ_IBUF_BUFG                    | ila_core/U0/ila_core_inst/u_ila_regs/STRG_QUAL.qual_strg_srl_reg/E[0]                                                                                                                                                                   |                                                                                                                                                                                                                                         |               11 |             82 |
|  CLK100MHZ_IBUF_BUFG                    | vio_core/inst/DECODER_INST/E[0]                                                                                                                                                                                                         |                                                                                                                                                                                                                                         |               18 |            112 |
|  CLK100MHZ_IBUF_BUFG                    |                                                                                                                                                                                                                                         | ila_core/U0/ila_core_inst/u_ila_reset_ctrl/Q[0]                                                                                                                                                                                         |               25 |            124 |
|  dbg_hub/inst/BSCANID.u_xsdbm_id/itck_i |                                                                                                                                                                                                                                         |                                                                                                                                                                                                                                         |               27 |            130 |
|  CLK100MHZ_IBUF_BUFG                    | ila_core/U0/ila_core_inst/u_ila_regs/reg_srl_fff/E[0]                                                                                                                                                                                   |                                                                                                                                                                                                                                         |               28 |            206 |
|  CLK100MHZ_IBUF_BUFG                    |                                                                                                                                                                                                                                         |                                                                                                                                                                                                                                         |              375 |           2988 |
+-----------------------------------------+-----------------------------------------------------------------------------------------------------------------------------------------------------------------------------------------------------------------------------------------+-----------------------------------------------------------------------------------------------------------------------------------------------------------------------------------------------------------------------------------------+------------------+----------------+


